00030008 0
00030012 1
00030016 2
00030020 3
00030024 293
