00032219 1
00032223 0
00032227 2
00032231 3
00032235 325
